— LIVE —
LIVE done hours 5 eligible
— CAREER 1 —
CAREER 2026 Hillside 9-22 titles 0 bids 0 age 32 apr 995
— ERA 1960 —
ERA 1960 Westwood 23-11 titles 0 bids 1 age 44 apr 1000
— CENTURY 100 —
Y1 2026 Lexington 23-10 titles 0 bids 1 age 38 apr 1000 chem 74 packed 2637kb s 31.9
Y2 2027 Lexington 35-2 titles 0 bids 2 age 39 apr 1000 s 65.5
Y3 2028 Lexington 32-5 titles 0 bids 3 age 40 apr 1000 s 99.7
Y4 2029 Lexington 27-9 titles 0 bids 4 age 41 apr 1000 s 134.9
Y5 2030 Lexington 28-7 titles 0 bids 5 age 42 apr 1000 chem 68 packed 2844kb s 168.9
Y6 2031 Lexington 30-7 titles 0 bids 6 age 43 apr 1000 s 200.8
Y7 2032 Lexington 29-10 titles 1 bids 7 age 44 apr 1000 s 233.9
Y8 2033 Lexington 33-4 titles 1 bids 8 age 45 apr 1000 s 268.9
Y9 2034 Lexington 22-10 titles 1 bids 9 age 46 apr 1000 s 303.2
Y10 2035 Lexington 26-8 titles 1 bids 10 age 47 apr 1000 chem 73 packed 2881kb s 338.7
Y11 2036 Lexington 31-7 titles 2 bids 11 age 48 apr 1000 s 373.6
Y12 2037 Lexington 30-7 titles 2 bids 12 age 49 apr 1000 s 406.3
Y13 2038 Lexington 33-4 titles 2 bids 13 age 50 apr 1000 s 441.7
Y14 2039 Lexington 29-5 titles 2 bids 14 age 51 apr 1000 s 475.9
Y15 2040 Lexington 34-2 titles 2 bids 15 age 52 apr 1000 chem 65 packed 2936kb s 511.2
Y16 2041 Lexington 30-5 titles 2 bids 16 age 53 apr 999 s 544.3
Y17 2042 Lexington 35-4 titles 3 bids 17 age 54 apr 1000 s 580.8
Y18 2043 Lexington 38-1 titles 4 bids 18 age 55 apr 1000 s 614.7
Y19 2044 Lexington 30-6 titles 4 bids 19 age 56 apr 1000 s 650.3
Y20 2045 Lexington 37-2 titles 5 bids 20 age 57 apr 1000 chem 66 packed 2998kb s 686.6
Y21 2046 Lexington 35-3 titles 5 bids 21 age 58 apr 1000 s 720.8
Y22 2047 Lexington 34-2 titles 5 bids 22 age 59 apr 1000 s 756.7
Y23 2048 Lexington 34-3 titles 6 bids 23 age 60 apr 1000 s 792.3
Y24 2049 Lexington 28-5 titles 6 bids 24 age 61 apr 1000 s 828.4
Y25 2050 Lexington 33-4 titles 6 bids 25 age 62 apr 1000 chem 80 packed 3038kb s 865.4
Y26 2051 Lexington 33-4 titles 6 bids 26 age 63 apr 1000 s 899.9
Y27 2052 Lexington 28-5 titles 6 bids 27 age 64 apr 1000 s 934.7
Y28 2053 Lexington 31-6 titles 6 bids 28 age 65 apr 1000 s 969.8
Y29 2054 Lexington 29-6 titles 6 bids 29 age 66 apr 1000 s 1006.2
Y30 2055 Lexington 31-4 titles 6 bids 30 age 67 apr 1000 chem 74 packed 2988kb s 1044.8
Y31 2056 Lexington 33-5 titles 7 bids 31 age 68 apr 1000 s 1079.2
Y32 2057 Lexington 34-4 titles 8 bids 32 age 69 apr 1000 s 1114.6
Y33 2058 Lexington 35-3 titles 8 bids 33 age 70 apr 1000 s 1150.4
Y34 2059 Lexington 33-4 titles 8 bids 34 age 71 apr 1000 s 1187.8
Y35 2060 Lexington 35-4 titles 9 bids 35 age 72 apr 1000 chem 71 packed 2987kb s 1224.6
Y36 2061 Lexington 37-2 titles 10 bids 36 age 73 apr 1000 s 1259.2
Y37 2062 Lexington 37-2 titles 11 bids 37 age 74 apr 1000 s 1294.8
Y38 2063 Lexington 32-5 titles 11 bids 38 age 75 apr 1000 s 1331.7
Y39 2064 Lexington 33-4 titles 11 bids 39 age 76 apr 1000 s 1369.3
Y40 2065 Lexington 37-2 titles 12 bids 40 age 77 apr 1000 chem 82 packed 2998kb s 1406.2
Y41 2066 Lexington 35-2 titles 12 bids 41 age 78 apr 1000 s 1446.7
Y42 2067 Lexington 37-1 titles 13 bids 42 age 79 apr 1000 s 1484.0
Y43 2068 Lexington 35-3 titles 13 bids 43 age 80 apr 1000 s 1520.8
Y44 2069 Lexington 38-1 titles 13 bids 44 age 81 apr 1000 s 1555.9
Y45 2070 Lexington 36-3 titles 14 bids 45 age 82 apr 1000 chem 66 packed 2984kb s 1591.9
Y46 2071 Lexington 36-2 titles 15 bids 46 age 82 apr 1000 s 1626.7
Y47 2072 Lexington 33-3 titles 15 bids 47 age 82 apr 1000 s 1663.1
Y48 2073 Lexington 37-1 titles 16 bids 48 age 82 apr 1000 s 1698.2
Y49 2074 Lexington 39-0 titles 17 bids 49 age 82 apr 1000 s 1733.7
Y50 2075 Lexington 37-1 titles 18 bids 50 age 82 apr 1000 chem 82 packed 2990kb s 1769.8
Y51 2076 Lexington 37-1 titles 18 bids 51 age 82 apr 1000 s 1807.6
Y52 2077 Lexington 35-3 titles 18 bids 52 age 82 apr 1000 s 1842.5
Y53 2078 Lexington 34-4 titles 19 bids 53 age 82 apr 1000 s 1878.7
Y54 2079 Lexington 33-2 titles 19 bids 54 age 82 apr 1000 s 1916.3
Y55 2080 Lexington 37-2 titles 20 bids 55 age 82 apr 1000 chem 76 packed 2989kb s 1952.5
Y56 2081 Lexington 39-0 titles 21 bids 56 age 82 apr 1000 s 1986.8
Y57 2082 Lexington 31-3 titles 21 bids 57 age 82 apr 1000 s 2023.2
Y58 2083 Lexington 34-4 titles 21 bids 58 age 82 apr 1000 s 2058.8
Y59 2084 Lexington 34-4 titles 21 bids 59 age 82 apr 1000 s 2096.1
Y60 2085 Lexington 36-2 titles 22 bids 60 age 82 apr 1000 chem 80 packed 2995kb s 2133.4
Y61 2086 Lexington 32-3 titles 22 bids 61 age 82 apr 1000 s 2171.4
Y62 2087 Lexington 33-2 titles 22 bids 62 age 82 apr 1000 s 2208.7
Y63 2088 Lexington 39-0 titles 23 bids 63 age 82 apr 1000 s 2246.1
Y64 2089 Lexington 36-2 titles 23 bids 64 age 82 apr 1000 s 2281.4
Y65 2090 Lexington 38-1 titles 23 bids 65 age 82 apr 1000 chem 62 packed 2989kb s 2320.4
Y66 2091 Lexington 31-3 titles 23 bids 66 age 82 apr 1000 s 2356.5
Y67 2092 Lexington 37-2 titles 24 bids 67 age 82 apr 1000 s 2393.8
Y68 2093 Lexington 36-2 titles 24 bids 68 age 82 apr 1000 s 2430.1
Y69 2094 Lexington 37-2 titles 25 bids 69 age 82 apr 1000 s 2466.6
Y70 2095 Lexington 32-5 titles 25 bids 70 age 82 apr 1000 chem 69 packed 2982kb s 2505.2
Y71 2096 Lexington 30-4 titles 25 bids 71 age 82 apr 1000 s 2542.4
Y72 2097 Lexington 32-4 titles 25 bids 72 age 82 apr 1000 s 2577.2
Y73 2098 Lexington 36-3 titles 26 bids 73 age 82 apr 1000 s 2614.8
Y74 2099 Lexington 29-4 titles 26 bids 74 age 82 apr 1000 s 2651.3
Y75 2100 Lexington 32-4 titles 26 bids 75 age 82 apr 1000 chem 75 packed 2986kb s 2688.2
Y76 2101 Lexington 37-2 titles 27 bids 76 age 82 apr 1000 s 2725.3
Y77 2102 Lexington 32-5 titles 28 bids 77 age 82 apr 1000 s 2763.8
Y78 2103 Lexington 38-1 titles 29 bids 78 age 82 apr 1000 s 2799.9
Y79 2104 Lexington 38-1 titles 29 bids 79 age 82 apr 1000 s 2837.1
Y80 2105 Lexington 37-2 titles 30 bids 80 age 82 apr 1000 chem 84 packed 2994kb s 2875.4
Y81 2106 Lexington 34-4 titles 31 bids 81 age 82 apr 1000 s 2914.5
Y82 2107 Lexington 37-2 titles 32 bids 82 age 82 apr 1000 s 2951.4
Y83 2108 Lexington 34-3 titles 32 bids 83 age 82 apr 1000 s 2992.7
Y84 2109 Lexington 34-2 titles 32 bids 84 age 82 apr 1000 s 3032.0
Y85 2110 Lexington 36-2 titles 32 bids 85 age 82 apr 1000 chem 74 packed 3000kb s 3069.9
Y86 2111 Lexington 33-3 titles 32 bids 86 age 82 apr 1000 s 3108.5
Y87 2112 Lexington 35-4 titles 32 bids 87 age 82 apr 1000 s 3145.6
Y88 2113 Lexington 39-0 titles 33 bids 88 age 82 apr 1000 s 3182.4
Y89 2114 Lexington 35-3 titles 34 bids 89 age 82 apr 1000 s 3220.7
Y90 2115 Lexington 36-2 titles 34 bids 90 age 82 apr 1000 chem 76 packed 2986kb s 3260.9
Y91 2116 Lexington 32-4 titles 34 bids 91 age 82 apr 1000 s 3299.7
Y92 2117 Lexington 34-4 titles 35 bids 92 age 82 apr 1000 s 3336.4
Y93 2118 Lexington 38-1 titles 36 bids 93 age 82 apr 1000 s 3374.3
Y94 2119 Lexington 33-4 titles 36 bids 94 age 82 apr 1000 s 3411.9
Y95 2120 Lexington 38-1 titles 37 bids 95 age 82 apr 1000 chem 80 packed 2997kb s 3449.8
Y96 2121 Lexington 32-3 titles 37 bids 96 age 82 apr 1000 s 3487.9
Y97 2122 Lexington 38-1 titles 37 bids 97 age 82 apr 1000 s 3524.5
Y98 2123 Lexington 39-0 titles 38 bids 98 age 82 apr 1000 s 3564.2
Y99 2124 Lexington 29-7 titles 38 bids 99 age 82 apr 1000 s 3601.6
Y100 2125 Lexington 38-1 titles 39 bids 100 age 82 apr 1000 chem 81 packed 2997kb s 3639.9
CENTURY 2125 Lexington 38-1 titles 39 bids 100 age 82 apr 1000 unique champs 24 fires 0 extends 16 hof 55109 3639.9s
ISSUES 0
CENTURY OK
