
--- CAMP: camp I guess
  Jarred: Hold on. Kaleb already started.
  Kaleb: Cats are number one. I was saying it in the car.
  Jarred: Mics were off.
  Kaleb: Don't care.
  Ben: He's not totally wrong about Anthony Howard which I hate, I watched like four clips at lunch and I kept going back, kid looks like the best player they have until somebody actually guards him, I don't even know what I'm looking for I just keep looking.
  Trill Raff: Are we saying they're good
  Jarred: I think so.
  Trill Raff: Cool. I had a burrito.
  Jarred: Why.
  Trill Raff: There's no game.

--- LIVE: 68-47 lol
  Jarred: Mics up. They won. 68-47.
  Ben: It was over after the first timeout, they still had 6 turnovers and they were hunting those long twos I hate, I'll take it, I have work tomorrow and I would like to sleep.
  Jarred: Kaleb.
  Kaleb: I'm talking.
  Kaleb: Silas was the best player in the gym. If he does that in March I am going to be impossible to live with.
  Trill Raff: I missed the dunk I was on my phone.
  Trill Raff: It's leftovers leave me alone
  Ben: Of course you did.
  Jarred: Anyway.

--- BYE: off
  Jarred: No game.
  Trill Raff: Then why are we here.
  Jarred: You said tape.
  Trill Raff: I didn't have anything else on.
  Ben: I keep opening the schedule like something's gonna pop up. They're 3-0 which is a real record, I just don't know if it's a real team yet because we haven't seen them on a random Wednesday in January.
  Kaleb: Donovan Brown should not be a secret. National people can catch up whenever.
  Jarred: There's no game.
  Kaleb: Correct.

--- MARCH IN: we got in
  Jarred: They're in. 4 seed.
  Trill Raff: Wait we got in.
  Jarred: Yes.
  Kaleb: I knew.
  Trill Raff: I didn't.
  Ben: I keep refreshing the graphic, 4 seed South, you can be mad about the number, I don't care, they're in, my hands are cold, I need to go outside.
  Kaleb: If you're calm I don't trust you.
  Jarred: Nobody's calm.
  Trill Raff: I screenshotted it.
  Jarred: Why.
  Trill Raff: I don't know.

--- CHAMP: stop
  Jarred: They won it.
  Trill Raff: Stop.
  Jarred: They won the whole thing.
  Kaleb: I told you. Camp. I have the texts.
  Ben: I don't have anything, I keep smiling and my face hurts, they were the best team tonight I don't know what else you want from me, I have been waiting to say that and now I said it and I still don't believe it.
  Trill Raff: I called my dad.
  Jarred: What'd he say.
  Trill Raff: He already knew.
  Kaleb: BBN.
  Jarred: Go Cats.

--- OFF: then hang up
  Jarred: Nobody's playing.
  Trill Raff: Then hang up.
  Jarred: You're muted half the time anyway.
  Kaleb: If Donovan Brown stays we talk title. If he walks we talk for ten seconds and then we lie about it.
  Ben: They haven't blown anything up yet which is a good morning, it might not last, I'll take the quiet, don't send me a mock I will not look at it.
  Trill Raff: I miss games.
  Jarred: Same.
  Trill Raff: This is just phones.
  Jarred: Yeah. We're done.

CAMP camp I guess
SEQS 2 Jarred>Kaleb>Jarred>Kaleb>Ben>Trill Raff>Jarred>Trill Raff>Jarred>Trill Raff || Jarred>Trill Raff>Jarred>Trill Raff>Ben>Kaleb>Ben>Kaleb>Jarred
LIVE 68-47 lol 1:26:13
PODCAST OK 3
