AE      9 confGames 16
AAC    13 confGames 12
ACC    18 confGames 16
ASUN    8 confGames 14
A10    14 confGames 12
BE     11 confGames 20
BSKY   11 confGames 20
BSOU    9 confGames 16
B10    18 confGames 16
B12    16 confGames 14
BW     12 confGames 10
CAA    13 confGames 12
CUSA   10 confGames 18
HOR    12 confGames 10
IVY     8 confGames 14
MAAC   13 confGames 12
MAC    12 confGames 10
MEAC    8 confGames 14
MVC    11 confGames 20
MW     10 confGames 18
NEC     9 confGames 16
OVC     9 confGames 16
PAT    10 confGames 18
P12     9 confGames 16
SEC    16 confGames 14
SOC    11 confGames 20
SLAND  12 confGames 10
SWAC   12 confGames 10
SUM     8 confGames 14
SBC    14 confGames 12
UAC     9 confGames 16
WCC    10 confGames 18
SWC     0 confGames -2
IND     0 confGames -2
UK conf weeks 6,7,8,9,10,11,12,13,14,15,16,17,18,18
UK H/A 7 7
CONF SCHEDULE OK
